// Jest Snapshot v1, https://goo.gl/fbAQLP

exports[`renders homepage unchanged 1`] = `
<div>
  <main
    class="flex justify-center h-screen w-screen bg-white"
  >
    <div
      class="flex flex-col gap-5 mt-10"
    >
      <h1
        class="text-black text-3xl font-bold text-center"
      >
        STORYBOOK
      </h1>
      <section>
        <h2
          class="h-10 flex items-center text-black"
        >
          버튼 공용 컴포넌트
        </h2>
        <div
          class="border-2 border-black p-10"
        >
          <button
            class="bg-blue-500 text-white hover:bg-blue-600 active:bg-blue-700 focus:outline px-4 py-3 rounded-sm text-sm"
          >
            <div
              class="flex items-center gap-2"
            >
              <span>
                Button
              </span>
            </div>
          </button>
        </div>
      </section>
      <section>
        <h2
          class="h-10 flex items-center text-black"
        >
          인풋 공용 컴포넌트
        </h2>
        <div
          class="border-2 border-black p-10"
        >
          <div>
            <div
              class="flex items-center relative"
            >
              <input
                class="bg-gray-100 pl-4 pr-9 py-3 outline-none text-sm border-2 placeholder:text-gray-400 placeholder:text-sm text-black disabled:text-gray-300 disabled:placeholder:text-gray-300 disabled:border-transparent border-transparent border-b-gray-300 focus:border-blue-500 hover:border-b-blue-500"
                placeholder="사용자 인풋 테스트"
                value=""
              />
            </div>
            <div
              class="text-red-500 text-xs h-7 flex items-center"
            />
          </div>
          <div>
            <div
              class="text-black text-xs h-7 flex items-center undefined"
            >
              인풋 레이블
            </div>
            <div
              class="flex items-center relative"
            >
              <input
                class="bg-gray-100 pl-4 pr-9 py-3 outline-none text-sm border-2 placeholder:text-gray-400 placeholder:text-sm text-black disabled:text-gray-300 disabled:placeholder:text-gray-300 disabled:border-transparent border-blue-500 focus:border-blue-500 hover:border-b-blue-500"
                placeholder="사용자 인풋 테스트"
                value="사용자 입력 텍스트"
              />
              <button
                class="absolute right-3"
              >
                <svg
                  fill="none"
                  height="18"
                  width="18"
                  xmlns="http://www.w3.org/2000/svg"
                >
                  <circle
                    cx="9"
                    cy="9"
                    fill="#C6C6C6"
                    r="9"
                  />
                  <path
                    d="m12.375 5.625-6.75 6.75M5.625 5.625l6.75 6.75"
                    stroke="#fff"
                    stroke-linecap="round"
                    stroke-linejoin="round"
                  />
                </svg>
              </button>
            </div>
            <div
              class="text-red-500 text-xs h-7 flex items-center"
            />
          </div>
          <div>
            <div
              class="text-black text-xs h-7 flex items-center undefined"
            >
              인풋 레이블
            </div>
            <div
              class="flex items-center relative"
            >
              <input
                class="bg-gray-100 pl-4 pr-9 py-3 outline-none text-sm border-2 placeholder:text-gray-400 placeholder:text-sm text-black disabled:text-gray-300 disabled:placeholder:text-gray-300 disabled:border-transparent border-red-500"
                placeholder="사용자 인풋 테스트"
                value="사용자 입력 텍스트"
              />
              <div
                class="absolute right-3"
              >
                <svg
                  fill="none"
                  height="14"
                  width="14"
                  xmlns="http://www.w3.org/2000/svg"
                >
                  <path
                    clip-rule="evenodd"
                    d="M7 0C3.2 0 0 3.2 0 7s3.2 7 7 7 7-3.1 7-7-3.1-7-7-7Zm-.5 3h1v5h-1V3Zm.5 8.2c-.4 0-.8-.4-.8-.8s.3-.8.8-.8c.4 0 .8.4.8.8s-.4.8-.8.8Z"
                    fill="#DA1E28"
                    fill-rule="evenodd"
                  />
                </svg>
              </div>
            </div>
            <div
              class="text-red-500 text-xs h-7 flex items-center"
            >
              에러 메세지
            </div>
          </div>
        </div>
      </section>
    </div>
  </main>
</div>
`;
